// Jest Snapshot v1, https://goo.gl/fbAQLP

exports[`Snapshot test 1`] = `
<div
  className="container my-5"
>
  <div
    className="p-5 text-center bg-body-tertiary rounded-3"
  >
    <br />
    <h1
      className="text-body-emphasis"
    >
      Search GitHub User App
    </h1>
    <p
      className="col-lg-8 mx-auto fs-5 text-muted"
    >
      This app allows you to search for GitHub users and see the following:
    </p>
    <ul
      className="list-unstyled"
    >
      <li>
        User details - including some of their repos, their profile picture, bio, etc.
      </li>
      <li>
        Repo details - including last commit date, creation date, description, etc.
      </li>
    </ul>
    <div
      className="bd-example"
    >
      <form>
        <div
          className="w-50 p-3"
          style={
            Object {
              "marginLeft": "30%",
            }
          }
        >
          <input
            aria-describedby="emailHelp"
            className="form-control d-inline-flex align-items-center"
            id="userInputWord"
            placeholder="Type in text to search for users"
            type="text"
          />
        </div>
      </form>
      <br />
      <div>
        <div>
          Enter text above to search.
        </div>
      </div>
       
      <br />
      <div
        className="d-inline-flex gap-2 mb-5"
      >
        <button
          className="d-inline-flex align-items-center btn btn-primary btn-lg px-4 rounded-pill"
          data-bs-target="#exampleModalFullscreen"
          data-bs-toggle="modal"
          onClick={[Function]}
          type="button"
        >
          Search
        </button>
      </div>
    </div>
  </div>
  <div
    aria-hidden="true"
    aria-labelledby="exampleModalFullscreenLabel"
    className="modal fade"
    id="exampleModalFullscreen"
    tabindex="-1"
  >
    <div
      className="modal-dialog modal-fullscreen"
    >
      <div
        className="modal-content"
      >
        <div
          className="modal-header"
        >
          <h1
            className="modal-title fs-4"
            id="exampleModalFullscreenLabel"
          >
            Search results for "
            "
          </h1>
          <button
            aria-label="Close"
            className="btn-close"
            data-bs-dismiss="modal"
            type="button"
          />
        </div>
        <div
          className="modal-body"
        >
          <div
            className="MuiBox-root css-jbotvb"
          >
            <div
              aria-colcount={5}
              aria-multiselectable={false}
              aria-rowcount={1}
              className="MuiDataGrid-root MuiDataGrid-root--densityStandard MuiDataGrid-withBorderColor css-5wly58-MuiDataGrid-root"
              role="grid"
            >
              <div
                className="MuiDataGrid-main css-204u17-MuiDataGrid-main"
              >
                <div
                  className="MuiDataGrid-columnHeaders MuiDataGrid-withBorderColor css-1iyq7zh-MuiDataGrid-columnHeaders"
                  role="presentation"
                  style={
                    Object {
                      "lineHeight": "56px",
                      "maxHeight": 56,
                      "minHeight": 56,
                    }
                  }
                >
                  <div
                    className="MuiDataGrid-columnHeadersInner css-gl260s-MuiDataGrid-columnHeadersInner"
                    role="rowgroup"
                  />
                </div>
              </div>
              <div
                className="MuiDataGrid-footerContainer MuiDataGrid-withBorderColor css-wop1k0-MuiDataGrid-footerContainer"
              >
                <div />
                <div
                  className="MuiTablePagination-root css-rtrcn9-MuiTablePagination-root"
                >
                  <div
                    className="MuiToolbar-root MuiToolbar-gutters MuiToolbar-regular MuiTablePagination-toolbar css-78c6dr-MuiToolbar-root-MuiTablePagination-toolbar"
                  >
                    <div
                      className="MuiTablePagination-spacer css-1psng7p-MuiTablePagination-spacer"
                    />
                    <p
                      className="MuiTablePagination-displayedRows css-levciy-MuiTablePagination-displayedRows"
                    >
                      0â€“0 of 0
                    </p>
                    <div
                      className="MuiTablePagination-actions"
                    >
                      <button
                        aria-label="Go to previous page"
                        className="MuiButtonBase-root Mui-disabled MuiIconButton-root Mui-disabled MuiIconButton-colorInherit MuiIconButton-sizeMedium css-zylse7-MuiButtonBase-root-MuiIconButton-root"
                        disabled={true}
                        onBlur={[Function]}
                        onClick={[Function]}
                        onContextMenu={[Function]}
                        onDragLeave={[Function]}
                        onFocus={[Function]}
                        onKeyDown={[Function]}
                        onKeyUp={[Function]}
                        onMouseDown={[Function]}
                        onMouseLeave={[Function]}
                        onMouseUp={[Function]}
                        onTouchEnd={[Function]}
                        onTouchMove={[Function]}
                        onTouchStart={[Function]}
                        tabIndex={-1}
                        title="Go to previous page"
                        type="button"
                      >
                        <svg
                          aria-hidden={true}
                          className="MuiSvgIcon-root MuiSvgIcon-fontSizeMedium css-i4bv87-MuiSvgIcon-root"
                          data-testid="KeyboardArrowLeftIcon"
                          focusable="false"
                          viewBox="0 0 24 24"
                        >
                          <path
                            d="M15.41 16.09l-4.58-4.59 4.58-4.59L14 5.5l-6 6 6 6z"
                          />
                        </svg>
                      </button>
                      <button
                        aria-label="Go to next page"
                        className="MuiButtonBase-root Mui-disabled MuiIconButton-root Mui-disabled MuiIconButton-colorInherit MuiIconButton-sizeMedium css-zylse7-MuiButtonBase-root-MuiIconButton-root"
                        disabled={true}
                        onBlur={[Function]}
                        onClick={[Function]}
                        onContextMenu={[Function]}
                        onDragLeave={[Function]}
                        onFocus={[Function]}
                        onKeyDown={[Function]}
                        onKeyUp={[Function]}
                        onMouseDown={[Function]}
                        onMouseLeave={[Function]}
                        onMouseUp={[Function]}
                        onTouchEnd={[Function]}
                        onTouchMove={[Function]}
                        onTouchStart={[Function]}
                        tabIndex={-1}
                        title="Go to next page"
                        type="button"
                      >
                        <svg
                          aria-hidden={true}
                          className="MuiSvgIcon-root MuiSvgIcon-fontSizeMedium css-i4bv87-MuiSvgIcon-root"
                          data-testid="KeyboardArrowRightIcon"
                          focusable="false"
                          viewBox="0 0 24 24"
                        >
                          <path
                            d="M8.59 16.34l4.58-4.59-4.58-4.59L10 5.75l6 6-6 6z"
                          />
                        </svg>
                      </button>
                    </div>
                  </div>
                </div>
              </div>
            </div>
          </div>
        </div>
        <div
          className="modal-footer"
        >
          <button
            className="btn btn-secondary"
            data-bs-dismiss="modal"
            type="button"
          >
            Close
          </button>
        </div>
      </div>
    </div>
  </div>
</div>
`;
